
2026-08-05 19:34:38,495 | INFO     | fastapi-ecommerce | Root endpoint accessed
2026-08-05 19:34:39,578 | INFO     | fastapi-ecommerce | Root endpoint accessed
2026-08-05 19:35:22,062 | ERROR    | fastapi-ecommerce | Root endpoint accessed
2026-08-05 19:35:35,547 | DEBUG    | fastapi-ecommerce | Root endpoint accessed
2026-08-05 19:35:36,266 | DEBUG    | fastapi-ecommerce | Root endpoint accessed
2026-08-05 19:35:36,834 | DEBUG    | fastapi-ecommerce | Root endpoint accessed
2026-08-05 19:35:53,664 | WARNING  | fastapi-ecommerce | Root endpoint accessed
2026-08-05 19:35:54,456 | WARNING  | fastapi-ecommerce | Root endpoint accessed
2026-08-05 19:54:17,356 | INFO     | fastapi-ecommerce | FastAPI E-Commerce v1.0.0 is starting up...
2026-08-05 19:54:17,357 | INFO     | fastapi-ecommerce | Debug mode is on
2026-08-05 19:54:17,357 | INFO     | fastapi-ecommerce | Server running on 127.0.0.1:8000
2026-08-05 19:55:49,527 | INFO     | fastapi-ecommerce | FastAPI E-Commerce is shutting down...
2026-08-05 19:55:49,895 | INFO     | fastapi-ecommerce | FastAPI E-Commerce v1.0.0 is starting up...
2026-08-05 19:55:49,895 | INFO     | fastapi-ecommerce | Debug mode is on
2026-08-05 19:55:49,895 | INFO     | fastapi-ecommerce | Server running on 127.0.0.1:8000
2026-08-05 19:55:55,208 | INFO     | fastapi-ecommerce | FastAPI E-Commerce is shutting down...
2026-08-05 19:57:05,829 | INFO     | fastapi-ecommerce | Starting FastAPI E-Commerce v1.0.0
2026-08-05 19:57:09,156 | INFO     | fastapi-ecommerce | Shutting down FastAPI E-Commerce v1.0.0
2026-08-05 19:57:09,531 | INFO     | fastapi-ecommerce | Starting FastAPI E-Commerce v1.0.0
2026-08-05 19:57:10,196 | INFO     | fastapi-ecommerce | Shutting down FastAPI E-Commerce v1.0.0
2026-08-05 19:57:10,552 | INFO     | fastapi-ecommerce | Starting FastAPI E-Commerce v1.0.0
2026-08-05 19:57:13,051 | INFO     | fastapi-ecommerce | Shutting down FastAPI E-Commerce v1.0.0
2026-08-05 19:57:13,420 | INFO     | fastapi-ecommerce | Starting FastAPI E-Commerce v1.0.0
2026-08-05 19:57:54,127 | INFO     | fastapi-ecommerce | Shutting down FastAPI E-Commerce v1.0.0
2026-08-05 19:58:01,438 | INFO     | fastapi-ecommerce | Starting FastAPI E-Commerce v1.0.0
2026-08-05 19:58:04,701 | INFO     | fastapi-ecommerce | Shutting down FastAPI E-Commerce v1.0.0
2026-08-05 20:05:12,750 | INFO     | fastapi-ecommerce | Starting FastAPI E-Commerce v1.0.0
2026-08-05 20:05:19,962 | INFO     | fastapi-ecommerce | Root endpoint accessed
2026-08-05 20:05:37,055 | INFO     | fastapi-ecommerce | Shutting down FastAPI E-Commerce v1.0.0
2026-08-05 20:05:58,438 | INFO     | fastapi-ecommerce | Starting FastAPI E-Commerce v1.0.0
2026-08-05 20:06:22,904 | INFO     | fastapi-ecommerce | Shutting down FastAPI E-Commerce v1.0.0
2026-08-05 20:07:38,904 | INFO     | fastapi-ecommerce | Starting FastAPI E-Commerce v1.0.0
2026-08-05 20:08:48,551 | INFO     | fastapi-ecommerce | Starting FastAPI E-Commerce v1.0.0
2026-08-05 20:08:51,955 | INFO     | fastapi-ecommerce | Root endpoint accessed
2026-08-05 20:09:40,070 | INFO     | fastapi-ecommerce | Shutting down FastAPI E-Commerce v1.0.0
2026-08-05 20:09:40,438 | INFO     | fastapi-ecommerce | Starting FastAPI E-Commerce v1.0.0
2026-08-05 20:09:42,663 | INFO     | fastapi-ecommerce | Root endpoint accessed
2026-08-05 20:09:56,099 | INFO     | fastapi-ecommerce | Shutting down FastAPI E-Commerce v1.0.0
2026-08-05 20:09:56,465 | INFO     | fastapi-ecommerce | Starting FastAPI E-Commerce v1.0.0
2026-08-05 20:10:00,326 | INFO     | fastapi-ecommerce | Shutting down FastAPI E-Commerce v1.0.0
2026-08-05 20:10:00,692 | INFO     | fastapi-ecommerce | Starting FastAPI E-Commerce v1.0.0
2026-08-05 20:10:05,463 | INFO     | fastapi-ecommerce | Root endpoint accessed
2026-08-05 20:10:08,480 | INFO     | fastapi-ecommerce | Root endpoint accessed
2026-08-05 20:10:09,155 | INFO     | fastapi-ecommerce | Root endpoint accessed
2026-08-05 20:10:12,882 | INFO     | fastapi-ecommerce | Root endpoint accessed
2026-08-05 20:11:18,314 | INFO     | fastapi-ecommerce | Shutting down FastAPI E-Commerce v1.0.0
2026-08-05 20:11:25,525 | INFO     | fastapi-ecommerce | Starting FastAPI E-Commerce v1.0.0
2026-08-05 20:11:28,820 | INFO     | fastapi-ecommerce | Shutting down FastAPI E-Commerce v1.0.0
2026-08-05 20:11:29,171 | INFO     | fastapi-ecommerce | Starting FastAPI E-Commerce v1.0.0
2026-08-05 20:11:33,048 | INFO     | fastapi-ecommerce | Shutting down FastAPI E-Commerce v1.0.0
2026-08-05 20:11:33,402 | INFO     | fastapi-ecommerce | Starting FastAPI E-Commerce v1.0.0
2026-08-05 20:11:39,222 | INFO     | fastapi-ecommerce | Shutting down FastAPI E-Commerce v1.0.0
